// Jest Snapshot v1, https://goo.gl/fbAQLP

exports[`renders correctly 1`] = `
<section>
  <div
    className="makeStyles-appBarSpacer-1"
  />
  <div
    className="MuiContainer-root makeStyles-container-2 MuiContainer-maxWidthLg"
  >
    <div
      className="MuiGrid-root MuiGrid-container MuiGrid-spacing-xs-3"
    >
      <div
        className="MuiGrid-root MuiGrid-item MuiGrid-grid-xs-12 MuiGrid-grid-md-12 MuiGrid-grid-lg-12"
      >
        <div
          className="MuiPaper-root MuiPaper-elevation1 makeStyles-root-114 MuiPaper-rounded"
        >
          <table
            className="MuiTable-root makeStyles-table-115"
          >
            <thead
              className="MuiTableHead-root"
            >
              <tr
                className="MuiTableRow-root MuiTableRow-head"
              >
                <th
                  aria-sort={null}
                  className="MuiTableCell-root MuiTableCell-alignLeft MuiTableCell-sizeSmall MuiTableCell-head"
                  scope="col"
                >
                  Date
                </th>
                <th
                  aria-sort={null}
                  className="MuiTableCell-root MuiTableCell-alignRight MuiTableCell-sizeSmall MuiTableCell-head"
                  scope="col"
                >
                  Rolled
                </th>
              </tr>
            </thead>
            <tbody
              className="MuiTableBody-root"
            >
              <tr
                className="MuiTableRow-root"
              >
                <td
                  aria-sort={null}
                  className="MuiTableCell-root MuiTableCell-alignLeft MuiTableCell-sizeSmall MuiTableCell-body"
                >
                  Wed Aug 07 2019 10:00:03 GMT+0200 (Central European Summer Time)
                </td>
                <td
                  aria-sort={null}
                  className="MuiTableCell-root MuiTableCell-alignRight MuiTableCell-sizeSmall MuiTableCell-body"
                >
                  not rolled
                </td>
              </tr>
            </tbody>
          </table>
        </div>
      </div>
    </div>
  </div>
</section>
`;
