// Jest Snapshot v1, https://goo.gl/fbAQLP

exports[`renders correctly 1`] = `
<WithStyles(ForwardRef(Paper))
  className="makeStyles-root-1"
>
  <WithStyles(ForwardRef(Table))
    className="makeStyles-table-2"
    size="small"
  >
    <WithStyles(ForwardRef(TableHead))>
      <WithStyles(ForwardRef(TableRow))>
        <WithStyles(ForwardRef(TableCell))
          align="left"
        >
          Date
        </WithStyles(ForwardRef(TableCell))>
        <WithStyles(ForwardRef(TableCell))
          align="right"
        >
          Type
        </WithStyles(ForwardRef(TableCell))>
        <WithStyles(ForwardRef(TableCell))
          align="right"
        >
          Actions
        </WithStyles(ForwardRef(TableCell))>
      </WithStyles(ForwardRef(TableRow))>
    </WithStyles(ForwardRef(TableHead))>
    <WithStyles(ForwardRef(TableBody))>
      <WithStyles(ForwardRef(TableRow))
        key="2019-08-07T08:00:03Z"
      >
        <WithStyles(ForwardRef(TableCell))
          align="left"
        >
          2019-08-07T08:00:03Z
        </WithStyles(ForwardRef(TableCell))>
        <WithStyles(ForwardRef(TableCell))
          align="right"
        >
          not rolled
        </WithStyles(ForwardRef(TableCell))>
        <WithStyles(ForwardRef(TableCell))
          align="right"
        >
          <WithStyles(ForwardRef(Button))
            className="makeStyles-button-3"
            color="secondary"
            onClick={[Function]}
          >
            Delete
          </WithStyles(ForwardRef(Button))>
        </WithStyles(ForwardRef(TableCell))>
      </WithStyles(ForwardRef(TableRow))>
    </WithStyles(ForwardRef(TableBody))>
  </WithStyles(ForwardRef(Table))>
</WithStyles(ForwardRef(Paper))>
`;
