// Jest Snapshot v1, https://goo.gl/fbAQLP

exports[`renders correctly 1`] = `
<WithStyles(ForwardRef(Container))
  component="main"
  maxWidth="xs"
>
  <WithStyles(CssBaseline) />
  <div
    className="makeStyles-appBarSpacer-1"
  />
  <div
    className="makeStyles-paper-3"
  >
    <WithStyles(ForwardRef(Avatar))
      className="makeStyles-avatar-7"
    >
      <Memo(ForwardRef(LockOutlinedIcon)) />
    </WithStyles(ForwardRef(Avatar))>
    <WithStyles(ForwardRef(Typography))
      component="h1"
      variant="h5"
    >
      Logout
    </WithStyles(ForwardRef(Typography))>
    <form
      className="makeStyles-form-5"
      noValidate={true}
      onSubmit={[Function]}
    >
      <p>
        Are you sure you want to log out?
      </p>
      <WithStyles(ForwardRef(Button))
        className="makeStyles-submit-6"
        color="secondary"
        fullWidth={true}
        type="submit"
        variant="contained"
      >
        Log out
      </WithStyles(ForwardRef(Button))>
    </form>
  </div>
</WithStyles(ForwardRef(Container))>
`;
