// Jest Snapshot v1, https://goo.gl/fbAQLP

exports[`renders correctly 1`] = `
<section>
  <div
    className="makeStyles-appBarSpacer-1"
  />
  <WithStyles(ForwardRef(Container))
    className="makeStyles-container-2"
    maxWidth="lg"
  >
    <WithStyles(ForwardRef(Grid))
      container={true}
      spacing={3}
    >
      <WithStyles(ForwardRef(Grid))
        item={true}
        lg={12}
        md={12}
        xs={12}
      >
        <h1>
          Cigarettes
        </h1>
        <CigarettesChart />
        <h1>
          Weight
        </h1>
        <WeightChart />
        <h1>
          Stairs
        </h1>
        <StairsChart />
      </WithStyles(ForwardRef(Grid))>
    </WithStyles(ForwardRef(Grid))>
  </WithStyles(ForwardRef(Container))>
</section>
`;
