// Jest Snapshot v1, https://goo.gl/fbAQLP

exports[`renders correctly 1`] = `
<section>
  <div
    className="makeStyles-appBarSpacer-1"
  />
  <div
    className="MuiContainer-root makeStyles-container-2 MuiContainer-maxWidthLg"
  >
    <div
      className="MuiGrid-root MuiGrid-container MuiGrid-spacing-xs-3"
    >
      <div
        className="MuiGrid-root MuiGrid-item MuiGrid-grid-xs-12 MuiGrid-grid-md-12 MuiGrid-grid-lg-12"
      >
        <h1>
          Cigarettes
        </h1>
        CigaretteChart
        <h1>
          Weight
        </h1>
        WeightChart
        <h1>
          Stairs
        </h1>
        StairsChart
      </div>
    </div>
  </div>
</section>
`;
